<html>
<body>
<pre>
<h1>µVision Build Log</h1>
<h2>Tool Versions:</h2>
IDE-Version: ¦ÌVision V5.38.0.0
Copyright (C) 2022 ARM Ltd and ARM Germany GmbH. All rights reserved.
License Information: 11 1426919739@qq.com, 11, LIC=D0D7S-L40BX-ARHXW-Q631D-8UHXR-R44XR
 
Tool Versions:
Toolchain:       MDK-ARM Plus  Version: 5.38.0.0
Toolchain Path:  E:\Keil\ARM\ARMCC\Bin
C Compiler:      Armcc.exe V5.06 update 7 (build 960)
Assembler:       Armasm.exe V5.06 update 7 (build 960)
Linker/Locator:  ArmLink.exe V5.06 update 7 (build 960)
Library Manager: ArmAr.exe V5.06 update 7 (build 960)
Hex Converter:   FromElf.exe V5.06 update 7 (build 960)
CPU DLL:         SARMCM3.DLL V5.38.0.0
Dialog DLL:      DCM.DLL V1.17.5.0
Target DLL:      STLink\ST-LINKIII-KEIL_SWO.dll V3.1.0.0
Dialog DLL:      TCM.DLL V1.56.4.0
 
<h2>Project:</h2>
d:\project\tactileSensorCode\MDK-ARM\tactileSensorCode.uvprojx
Project File Date:  11/29/2024

<h2>Output:</h2>
*** Using Compiler 'V5.06 update 7 (build 960)', folder: 'E:\Keil\ARM\ARMCC\Bin'
Rebuild target 'tactileSensorCode'
assembling startup_stm32f103xe.s...
compiling gpio.c...
../Src/gpio.c(74): warning:  #188-D: enumerated type mixed with another type
  	HAL_GPIO_WritePin(GPIOB,GPIO_PIN_12,A);
../Src/gpio.c(75): warning:  #188-D: enumerated type mixed with another type
  	HAL_GPIO_WritePin(GPIOB,GPIO_PIN_13,B);
../Src/gpio.c(76): warning:  #188-D: enumerated type mixed with another type
  	HAL_GPIO_WritePin(GPIOB,GPIO_PIN_14,C);
../Src/gpio.c(77): warning:  #188-D: enumerated type mixed with another type
  	HAL_GPIO_WritePin(GPIOB,GPIO_PIN_15,D);
../Src/gpio.c: 4 warnings, 0 errors
compiling stm32f1xx_hal_gpio_ex.c...
compiling stm32f1xx_hal_cortex.c...
compiling stm32f1xx_hal_msp.c...
compiling stm32f1xx_hal_rcc_ex.c...
compiling stm32f1xx_hal_adc.c...
compiling stm32f1xx_it.c...
compiling stm32f1xx_hal_flash_ex.c...
compiling stm32f1xx_hal_pwr.c...
compiling tim.c...
compiling dma.c...
compiling usart.c...
compiling stm32f1xx_hal.c...
compiling stm32f1xx_hal_exti.c...
compiling stm32f1xx_hal_flash.c...
compiling wifi.c...
wifi.c(62): warning:  #177-D: variable "p"  was declared but never referenced
  	u8 *p=cmd;
wifi.c: 1 warning, 0 errors
compiling stm32f1xx_hal_adc_ex.c...
compiling stm32f1xx_hal_gpio.c...
compiling main.c...
../Src/main.c(120): warning:  #188-D: enumerated type mixed with another type
  	HAL_GPIO_WritePin(GPIOB,LED1_Pin,0);
../Src/main.c(131): warning:  #128-D: loop is not reachable
  while(1)
../Src/main.c(167): warning:  #128-D: loop is not reachable
  	while(0)
../Src/main.c(279): warning:  #188-D: enumerated type mixed with another type
  		HAL_GPIO_WritePin(GPIOB,LED3_Pin,0);
../Src/main.c(282): warning:  #188-D: enumerated type mixed with another type
  				HAL_GPIO_WritePin(GPIOB,LED3_Pin,1);
../Src/main.c: 5 warnings, 0 errors
compiling adc.c...
compiling stm32f1xx_hal_dma.c...
compiling stm32f1xx_hal_rcc.c...
compiling stm32f1xx_hal_tim_ex.c...
compiling stm32f1xx_hal_tim.c...
compiling stm32f1xx_hal_uart.c...
compiling system_stm32f1xx.c...
linking...
Program Size: Code=11552 RO-data=380 RW-data=36 ZI-data=3044  
FromELF: creating hex file...
"tactileSensorCode\tactileSensorCode.axf" - 0 Error(s), 10 Warning(s).

<h2>Software Packages used:</h2>

Package Vendor: ARM
                http://www.keil.com/pack/ARM.CMSIS.5.9.0.pack
                ARM.CMSIS.5.9.0
                CMSIS (Common Microcontroller Software Interface Standard)
   * Component: CORE Version: 5.6.0

Package Vendor: Keil
                https://www.keil.com/pack/Keil.STM32F1xx_DFP.2.4.1.pack
                Keil.STM32F1xx_DFP.2.4.1
                STMicroelectronics STM32F1 Series Device Support, Drivers and Examples

<h2>Collection of Component include folders:</h2>
  ./RTE/_tactileSensorCode
  E:/Arm/Packs/ARM/CMSIS/5.9.0/CMSIS/Core/Include
  E:/Arm/Packs/Keil/STM32F1xx_DFP/2.4.1/Device/Include

<h2>Collection of Component Files used:</h2>

   * Component: ARM::CMSIS:CORE:5.6.0
Build Time Elapsed:  00:00:13
</pre>
</body>
</html>
